make: *** [Makefile:220: unit-test] Error 1
